// Bun Snapshot v1, https://bun.sh/docs/test/snapshots

exports[`Codegen effect-only COMPONENT_SET generates snapshot for asset-like Status ComponentSet as Image src variants 1`] = `
"export interface StatusProps {
  status: 'success' | 'warning' | 'error'
}

export function Status({ status }: StatusProps) {
  return (
    <Image
      src={{
        success: "/icons/status=success.svg",
        warning: "/icons/status=warning.svg",
        error: "/icons/status=error.svg"
      }[status]}
    />
  )
}"
`;

exports[`Codegen effect-only COMPONENT_SET generates boolean prop for true/false variant component sets 1`] = `
"export interface PrivacyProps {
  property1?: boolean
}

export function Privacy({ property1 }: PrivacyProps) {
  return (
    <Box
      bg="#6B7080"
      maskImage={{
        false: "url('/icons/속성 1=false.svg')",
        true: "url('/icons/속성 1=true.svg')"
      }[property1 ?? false]}
      maskPos="center"
      maskRepeat="no-repeat"
      maskSize="contain"
    />
  )
}"
`;
