// Bun Snapshot v1, https://bun.sh/docs/test/snapshots

exports[`ResponsiveCodegen generateVariantOnlyMergedCode renders OR conditional for child existing in multiple but not all variants 1`] = `"render:Flex:depth=0:{}|{(status === "scroll" || status === "hover") && render:Box:depth=0:{"id":{"__variantProp":true,"variantKey":"status","values":{"scroll":"PartialChild","hover":"PartialChildHover"}}}|}"`;
